2026-04-11T23:00:03Z|5f7a8299741779726c96c7699c0a5384e7d3839ab5d8175336758112dc507fc7|P-008-bug-report.yaml
2026-04-11T23:00:05Z|0665d80f221ad8bcafc20dac130077870ab70874edc2be5638bf5134c15914db|P-009-bug-report.yaml
2026-04-12T07:49:08Z|78bfa3f4e4c17e8d46eec3b03cba23205191a319d2306a4039c5fd6067a380f8|P-010-feature-proposal.yaml
2026-04-12T07:49:10Z|ebacb739c9d075f97e36b8be65f99cec744847a077616d568ff2b13f4742cd9d|P-011-feature-proposal.yaml
2026-04-12T08:10:03Z|c969709c2dc4b27c98d0f77d0e731d54ffe179d3353149558d13f6d053b64d9a|P-011-bug-report.yaml
2026-04-12T08:10:05Z|459b11169a33720ced410c5077b449905d71f5d7272e2e43aaab93e485ff8348|P-012-feature-proposal.yaml
2026-04-12T08:10:07Z|0ee60a04477f83313fb17f8d6aaf450bbda5f33adc22267f6a6a17751dcd3bbb|P-013-learning.yaml
2026-04-12T08:11:33Z|b998db6dc7b4d072fd6a9307869a4019c03ca1cb0b7e9b05daaf12ae8d7a3825|P-014-bug-report.yaml
2026-04-12T08:12:02Z|adfe4093ad6b6768d159934584c6afc4b9c4e041aab215b43e1c3e234c15c6c4|P-015-bug-report.yaml
2026-04-12T08:12:04Z|32f23ef2275b0fd5b9534ca360ebacb22c1334f1328ff2d68a53d06c5ef625b8|P-016-learning.yaml
2026-04-12T08:21:33Z|133059cbe464a50dd45592f6731b70982d0000cb8d6802597856117a28dd7005|P-013-bug-report.yaml
2026-04-12T08:38:33Z|91d704dbe64667def3b877867e6213ac50f99bb7f6dfda0b8cd88680cc7795e6|P-014-learning.yaml
2026-04-12T08:38:35Z|6b6d72f181360c705cf913b717a5e8b3aa7345314e9c4bed2d1c3c406fc9d4d9|P-015-learning.yaml
2026-04-12T08:40:33Z|261e16317edf0433cc4ab93efcb2b03380da65f6a8aff6ffcc669bd51f0f9022|P-017-pattern.yaml
2026-04-12T08:40:35Z|bbb9b4405750037e750887914957596002359bbb0f6f3deed8a0ddacffb8e618|P-018-learning.yaml
2026-04-12T08:40:36Z|5961c6e339b1434c3c265e1c320ee995e27d91c560f17936dd97c1cd435c4806|P-019-learning.yaml
2026-04-12T08:41:03Z|c596b331228fb2b4a3a5069eae16c475024b13ebd9532b9117a1ca74fd5d6a7f|P-020-learning.yaml
2026-04-12T08:41:35Z|4e51e9112a5dd6ba77d5d192db8688fa075f40a1b4efab17328aca2657382350|P-021-learning.yaml
2026-04-12T08:41:37Z|9fa580d0f0b3c9fab954bbfd63130d3e38c62a7070b693917d336cbc22a77e2a|P-022-pattern.yaml
2026-04-12T09:44:03Z|44f6c890fb019d09f2dd30b46cc29a0a65eb4b75ca1609e810b5db15028f52de|P-019-pattern.yaml
2026-04-24T09:33:36Z|682e15a30e6c6ae03f900727ecc1f0a62c2ad944a9c5fe4a37bfb19458baf538|P-040-feature-proposal.yaml
2026-06-11T10:34:32Z|ec963d6fa72f9a24a802f9718a6da21c7904af99fae8e89097fe535af5299806|P-043-bug-report.yaml
2026-06-13T20:08:07Z|49b73f09cd39498733016756f28470d5d1dba2e748a845775144902509200066|P-044-bug-report.yaml
2026-06-21T10:39:07Z|2eac5c35bbb7cee9e26232a3f675a1ccda0238fcf9c33a93c70bf99673f45aa5|P-045-bug-report.yaml
2026-06-21T11:51:57Z|02dc90e1a4985c7d41ce4d84cb64d31b68b8385d76239f18993246a3369f27f8|P-046-feature-proposal.yaml
2026-06-23T16:05:08Z|ccca81b46feb8e052d41a81468e8e03ca041a10db7414b0062d11010ef29451c|P-047-feature-proposal.yaml
2026-06-23T20:15:09Z|44117c575ae7c8b5b753c666f901657cda9b85b02ba982546fb8c0ffaa88a413|P-048-feature-proposal.yaml
2026-06-23T20:15:16Z|565d240f5343e625ae579a4d45a770f1f02c6368b5ed4d06da4fbe6f47c28866|P-048-feature-proposal.yaml
2026-06-23T20:50:05Z|095aff7f50ff91f344693652fc365f558b207c82b2b85acc1e923808c2d30efa|P-049-bug-report.yaml
2026-06-23T20:58:05Z|ba5ebb48e85fcc47c51544d02d372bdf2a37fec4c0ecac0ccdc1f42eaefca29e|P-050-bug-report.yaml
2026-08-31T07:27:04Z|fe9eb1f6c571e5e983cd65f1fecb72ff348c8da6d885d420124bbc07430f7b78|P-051-learning.yaml
2026-08-31T09:27:59Z|f87944e972d3ebb5caca4a72fc05036f3d38d61e573d001fd832c3d3fb1e484f|P-052-learning.yaml
2026-08-31T10:38:01Z|4b155e2dae5f72c5aac49ac232a2c64a4ffe83f69bc92730e58c7139430bb2b5|P-053-bug-report.yaml
2026-08-31T13:22:07Z|e99246f488fb6bf99bdb4e07e637e355a8110c27c7da5c1957f1762cc06cf641|P-054-feature-proposal.yaml
2026-09-03T14:34:59Z|3fc57ea723ab04c802c9f608cf92c8f8ed6d6428273d4df81a1ee7d215710b67|ring20-chat-arc-federation-broken-bug-report.yaml
2026-09-03T20:33:59Z|ff8da93c932b596c8a01223878964089ee9f30b5a598023d22ca9a6e9ccc3d0f|P-056-bug-report.yaml
2026-09-05T18:49:24Z|d8d0115c4c2e8a5a2cca8664b2f16c56c312d2dbcd89821468e75f65c09bcf99|P-057-bug-report.yaml
2026-09-05T18:52:08Z|3b12a9d16747511523316cd127721de3e944896deacafd09fa86e77300022506|P-058-feature-proposal.yaml
2026-09-05T18:56:45Z|8ad4489e371c64cd06734943e07697c454049c1439661c578a7aa97bda74809b|P-059-bug-report.yaml
2026-09-05T20:32:34Z|af84d23ad282a9d521875edce9eef42ee9b6a7725a22e89d71b312577ee074e3|P-060-learning.yaml
2026-09-06T16:17:00Z|bfa44283c337b3a74df8a4acb1a7fadacbaac61bcaa98e92108852f6db82d54b|P-061-feature-proposal.yaml
2026-09-06T20:14:02Z|88fe835de61d070a14dbc749021d2c0e9ad9248594ddbe6753af961c86536d1f|P-062-feature-proposal.yaml
2026-09-07T09:33:59Z|f0d92a1bf5ad4edba65d15c9f159df9654d5dd100a5b9c2f6b9331b21b37b8a9|P-063-bug-report.yaml
2026-09-08T18:23:56Z|340d4437c8a4b6b990c01b87eb0cb841f1f93becbf34cdaf980585de0bba5288|P-064-learning.yaml
2026-09-08T18:24:51Z|75c83f7b88c124a71b3416bd873d3b70baa4e7d173fbb750c8c5fdaacb6e4422|P-065-bug-report.yaml
2026-09-08T19:27:03Z|16d99b484e9284dbc7fef85460eedd20b36c41c623c24fea7b00a70fbb53356f|P-066-bug-report.yaml
2026-09-08T19:29:02Z|0594120089d8fff5237f022ad15ba8bd3037131ec467e8edbd274b6224bbbd6e|P-067-learning.yaml
2026-09-08T21:10:01Z|a7058a5bfa8260ef4eb369fa755eed30fcf6e7862f34b3285e22c9a84149c526|P-068-learning.yaml
2026-09-08T21:47:02Z|0cbe9d06e6a68701f65e336d1d951a75d72654b49cfbd4314ef3b71c8de00180|P-069-learning.yaml
2026-09-08T22:11:58Z|ae63b482222fdaa755f8916f5c372207b6df70e8293e308252dd03de9fb376c5|P-070-feature-proposal.yaml
2026-09-09T15:41:14Z|181b906dd6c8ebe76ec52203da29098c2baadcee1c6aefdd6319277b64f58e66|P-071-learning.yaml
2026-09-09T18:08:03Z|8557d28d99fb75b93a708857bca9a02471631c5cd6ee80db239a9c73527011ce|P-072-feature-proposal.yaml
2026-09-09T18:10:07Z|3ecf1ee6ae17828ad00605d41da10c1f29d16f46b1b6bf1d3a5fd60000e05978|P-073-bug-report.yaml
2026-09-09T23:08:03Z|b403444b36f9d912078a6ca4fc8187c73fe40e31ab20ed96adce1e8c8d78c02a|P-076-bug-report.yaml
