2026-05-25T22:05:04Z posted via=channel.post topic=framework:pickup msg_type=pickup-feature-proposal sha=79ec9b3261fb4a7ce81fb509a2c6f038092d28fc8891daca12ef29dfe0dcb954
2026-06-11T10:35:38Z posted via=channel.post topic=framework:pickup msg_type=pickup-bug-report sha=5611b1ec48dfdff038a89dba749c484ee2290bc9dc32faf6e808618d7ad629f9
2026-06-13T20:08:07Z posted via=channel.post topic=framework:pickup msg_type=pickup-bug-report sha=0363f545014948a38d428aa053c940ef0149a5caee68ed4a2c295ca2546a12b8
2026-06-21T10:39:07Z posted via=channel.post topic=framework:pickup msg_type=pickup-bug-report sha=a1e7ae078fd0ee866a337ffc044d7f6d46b3ccd48b09a8fd27e8e2822fd191a3
2026-06-21T11:51:57Z posted via=channel.post topic=framework:pickup msg_type=pickup-feature-proposal sha=44a5337c0d43cd8dfba04bbe1ccaf980a541d08ad792726d7487a289258fd3ae
2026-06-23T16:05:08Z posted via=channel.post topic=framework:pickup msg_type=pickup-feature-proposal sha=f4563fc2b4a8cb9982e9d0766dc760783fef74c864b85a810e2a1905e929907c
2026-06-23T20:15:09Z posted via=channel.post topic=framework:pickup msg_type=pickup-feature-proposal sha=486778eb10792c01a1e0312d50db0d89e5c75db896cdeb412ab4365b190be686
2026-06-23T20:15:16Z dedup envelope=P-048-feature-proposal.yaml sha=486778eb10792c01a1e0312d50db0d89e5c75db896cdeb412ab4365b190be686
2026-06-23T20:49:22Z posted via=channel.post topic=framework:pickup msg_type=pickup-bug-report sha=363b79d0676f8c15e1f1503cdcf73885c9180c1f6b9db4d8f5151ceed7f04b97
2026-06-23T20:50:05Z dedup envelope=P-049-bug-report.yaml sha=363b79d0676f8c15e1f1503cdcf73885c9180c1f6b9db4d8f5151ceed7f04b97
2026-06-23T20:57:26Z posted via=channel.post topic=framework:pickup msg_type=pickup-bug-report sha=4e52fb114e5c5085269322628ceaa50037586b223787402cfc20140c7fd53c0d
2026-06-23T20:58:05Z dedup envelope=P-050-bug-report.yaml sha=4e52fb114e5c5085269322628ceaa50037586b223787402cfc20140c7fd53c0d
2026-08-31T07:27:04Z posted via=channel.post topic=framework:pickup msg_type=pickup-learning sha=e5c658d822907458e34f581b4892c45b14bc10c26c56bcbce5a5ebc0d0aa83af
2026-08-31T09:27:59Z posted via=channel.post topic=framework:pickup msg_type=pickup-learning sha=2fb64a58c65e13bf62ff69c6a7fecc9249ff90477726c3b4d533e516ce1ad490
2026-08-31T10:38:01Z posted via=channel.post topic=framework:pickup msg_type=pickup-bug-report sha=eea6600a7c646d300628dd21f193fe6a62dd99914e3b68e88baf075b80504979
2026-08-31T13:22:07Z posted via=channel.post topic=framework:pickup msg_type=pickup-feature-proposal sha=9f35a5a7d99be804569d4d29c4bc3e9df6db8c89d6f38a0c7c08d33c58be5911
2026-09-03T14:35:00Z posted via=channel.post topic=framework:pickup msg_type=pickup-bug-report sha=56ffc037752d9195aabf6ae9f8ef6508c4d5fcf72286ac3eb1f4a52698f0351e
2026-09-03T20:33:59Z posted via=channel.post topic=framework:pickup msg_type=pickup-bug-report sha=651b25d7661f8dd857a30ac866f4fc6bd86b9f4f96a3a9e96b1c5ff0d5790d86
2026-09-05T18:49:24Z posted via=channel.post topic=framework:pickup msg_type=pickup-bug-report sha=24c990f4fa57732fd1a33b1c1ae49cc63fc013ed5a60d25129ea2e8382888b3a
2026-09-05T18:52:08Z posted via=channel.post topic=framework:pickup msg_type=pickup-feature-proposal sha=1c0c2103067c8f1627c8dcf5a2f42e18207b4d805e01e5aa037c736a448ca62f
2026-09-05T18:56:45Z posted via=channel.post topic=framework:pickup msg_type=pickup-bug-report sha=299a2bfb76127c12e66218f777fd12b47733c2cb0a9d6685212b44e4d8695a97
2026-09-05T20:32:34Z posted via=channel.post topic=framework:pickup msg_type=pickup-learning sha=eb29b485542e595e7f10164da5f0d7a79e90db9b6613b0ea1b3d5ca02a1a4d88
2026-09-06T16:17:00Z posted via=channel.post topic=framework:pickup msg_type=pickup-feature-proposal sha=dbe1dd83390f9a368d45791abfec1ae9cb0f15a72a987f7b8b8caa068fa6504e
2026-09-06T20:14:02Z posted via=channel.post topic=framework:pickup msg_type=pickup-feature-proposal sha=d0fddb21cdfbd5b66b7d80b272cb1b1214173b3246f0ee02214e204f763ac282
2026-09-07T09:34:00Z posted via=channel.post topic=framework:pickup msg_type=pickup-bug-report sha=e5e0c24c82ba320d8910b180fca5ca3a53ef8c31860aa84120b34d808f0d1f72
2026-09-08T18:23:56Z posted via=channel.post topic=framework:pickup msg_type=pickup-learning sha=8b1ccfd5d297513655428b74051a50b5c6f644b023394909399e823f105e2178
2026-09-08T18:24:51Z posted via=channel.post topic=framework:pickup msg_type=pickup-bug-report sha=5ce51fc165454bc7f72f6227758dffde47ecff0bc372fa23c95e81c63ea79732
2026-09-08T19:27:03Z posted via=channel.post topic=framework:pickup msg_type=pickup-bug-report sha=2897d78dab6e845f2943e904f29fc8994ac98e2b0cad7529433963e359f410c8
2026-09-08T19:29:02Z posted via=channel.post topic=framework:pickup msg_type=pickup-learning sha=34fefc443925137251e7f3d76e25f66eff9f5dd44bad24731ab92225e4cf3d1d
2026-09-08T21:10:01Z posted via=channel.post topic=framework:pickup msg_type=pickup-learning sha=87791ecfcbf3ee4216c158ce16dfca2c6620ef9a19e4e372f018cadcb1ef71c5
2026-09-08T21:47:02Z posted via=channel.post topic=framework:pickup msg_type=pickup-learning sha=15de4410e66067841f73ecd216ba9814f867a2a656604853a0959138477d2ed6
2026-09-08T22:11:59Z posted via=channel.post topic=framework:pickup msg_type=pickup-feature-proposal sha=5e98d94d3c99a367809904e7d0d3a8f2161814d429b1c906d920379eb1e7f927
2026-09-09T15:41:15Z posted via=channel.post topic=framework:pickup msg_type=pickup-learning sha=6d7bcc7d67742a570ca68f361af8b94cd4c34a04d66dffd5930ec43fd87a18a6
